1
1
2
2
---end scope---
---end scope---
isOk BOOL -1
5
7
8
9
9
9
10
---end scope---
x INT 0
y BYTE 1
z INT 2
---end scope---
print (STRING)->VOID 0
printi (INT)->VOID 0
printOk (BOOL)->VOID 0
main ()->VOID 0
