1
---end scope---
3
line 3: identifier func is already defined
